// Jest Snapshot v1, https://goo.gl/fbAQLP

exports[`Avatar Component should match the test snapshot 1`] = `
<_default>
  <Avatarstyle___default>
    <div
      className="Avatarstyle___default-s7ub6l-0 iayjJg"
    />
  </Avatarstyle___default>
</_default>
`;
